C:/Users/aordu/STM32CubeIDE/workspace_1.8.0/stm32f401ccu6_cmsis_led_tim_01/CMSIS/Include/core_cm4.h:1688:22:__NVIC_EnableIRQ	16	static
C:/Users/aordu/STM32CubeIDE/workspace_1.8.0/stm32f401ccu6_cmsis_led_tim_01/CMSIS/Include/core_cm4.h:1816:22:__NVIC_SetPriority	16	static
../Src/init.c:9:6:init_tim2	8	static
../Src/init.c:23:6:init_clk	4	static
../Src/init.c:54:6:init_led	4	static
../Src/init.c:64:6:init_btn	8	static
../Src/init.c:77:6:TIM2_IRQHandler	4	static
../Src/init.c:106:6:EXTI0_IRQHandler	4	static
../Src/init.c:112:6:delay	24	static
